
stack size = 3
stack peek = 3
stack pop top = 3
queue front = a
deque popFront = 0
deque popBack = 2
mergeSort = [1, 2, 3, 5, 8, 9]
quickSort = [1, 2, 3, 5, 8, 9]
heapSort = [1, 2, 3, 5, 8, 9]
insertionSort = [1, 2, 3, 5, 8, 9]
timSort = [1, 2, 3, 5, 8, 9]
radixSort = [1, 2, 3, 5, 8, 9]
bfs = [0, 1, 2, 3]
dfs = [0, 1, 3, 2]
topo = [0, 1, 2]
